[uithemez.com/i/archin/home1/home-1.html]
[backblue.gif]
[fade.gif]
[index.html]
[uithemez.com/i/archin/home1/assets/img/fav.png]
[uithemez.com/i/archin/common/assets/css/lib/bootstrap.min.css]
[uithemez.com/i/archin/common/assets/css/lib/line-awesome.css]
[uithemez.com/i/archin/common/assets/css/lib/all.min.css]
[uithemez.com/i/archin/common/assets/css/lib/themify-icons.css]
[uithemez.com/i/archin/common/assets/css/lib/animate.css]
[uithemez.com/i/archin/common/assets/css/lib/jquery.fancybox.css]
[uithemez.com/i/archin/common/assets/css/lib/lity.css]
[uithemez.com/i/archin/common/assets/css/lib/swiper8.min.css]
[uithemez.com/i/archin/common/assets/css/common_style.css]
[uithemez.com/i/archin/home1/assets/css/home_1_style.css]
[uithemez.com/i/archin/innerpages/assets/img/logo-icon.png]
[uithemez.com/i/archin/home1/assets/img/chat_pat2.png]
[uithemez.com/i/archin/home1/assets/img/logo.png]
[uithemez.com/i/archin/home1/assets/img/head_slide1.jpg]
[uithemez.com/i/archin/home1/assets/img/head_slide2.png]
[uithemez.com/i/archin/home1/assets/img/head_slide3.png]
[uithemez.com/i/archin/home1/assets/img/exp.png]
[uithemez.com/i/archin/home1/assets/img/c_line.png]
[uithemez.com/i/archin/home1/assets/img/services/ser1.jpg]
[uithemez.com/i/archin/home1/assets/img/services/ser2.jpg]
[uithemez.com/i/archin/home1/assets/img/services/ser3.jpg]
[uithemez.com/i/archin/home1/assets/img/services/ser4.jpg]
[uithemez.com/i/archin/home1/assets/img/services/ser.jpg]
[uithemez.com/i/archin/home1/assets/img/process.jpg]
[uithemez.com/i/archin/home1/assets/img/c_line2.png]
[uithemez.com/i/archin/home1/assets/img/projects/proj1.jpg]
[uithemez.com/i/archin/home1/assets/img/projects/proj2.jpg]
[uithemez.com/i/archin/home1/assets/img/projects/proj3.jpg]
[uithemez.com/i/archin/home1/assets/img/team/team1.jpg]
[uithemez.com/i/archin/home1/assets/img/c_line3.png]
[uithemez.com/i/archin/home1/assets/img/team/team2.jpg]
[uithemez.com/i/archin/home1/assets/img/team/team3.jpg]
[uithemez.com/i/archin/home1/assets/img/team/team4.jpg]
[uithemez.com/i/archin/home1/assets/img/team/team5.jpg]
[uithemez.com/i/archin/home1/assets/img/team/team6.jpg]
[uithemez.com/i/archin/home1/assets/img/blog/blog1.jpg]
[uithemez.com/i/archin/home1/assets/img/blog/blog2.jpg]
[uithemez.com/i/archin/home1/assets/img/c_line4.png]
[uithemez.com/i/archin/common/assets/js/lib/jquery-3.0.0.min.js]
[uithemez.com/i/archin/common/assets/js/lib/jquery-migrate-3.0.0.min.js]
[uithemez.com/i/archin/common/assets/js/lib/bootstrap.bundle.min.js]
[uithemez.com/i/archin/common/assets/js/lib/wow.min.js]
[uithemez.com/i/archin/common/assets/js/lib/jquery.fancybox.js]
[uithemez.com/i/archin/common/assets/js/lib/lity.js]
[uithemez.com/i/archin/common/assets/js/lib/swiper8-bundle.min.js]
[uithemez.com/i/archin/common/assets/js/lib/jquery.waypoints.min.js]
[uithemez.com/i/archin/common/assets/js/lib/jquery.counterup.js]
[uithemez.com/i/archin/common/assets/js/lib/parallaxie.js]
[uithemez.com/i/archin/common/assets/js/gsap_lib/gsap.min.js]
[uithemez.com/i/archin/common/assets/js/gsap_lib/ScrollSmoother.min.js]
[uithemez.com/i/archin/common/assets/js/gsap_lib/ScrollTrigger.min.js]
[uithemez.com/i/archin/common/assets/js/gsap_lib/SplitText.min.js]
[uithemez.com/i/archin/common/assets/js/common_js.js]
[uithemez.com/i/archin/home1/home-1.html]
[uithemez.com/i/archin/common/assets/css/lib/bootstrap.min.css]
[uithemez.com/i/archin/common/assets/css/lib/all.min.css]
[uithemez.com/i/archin/common/assets/css/lib/line-awesome.css]
[uithemez.com/i/archin/common/assets/css/lib/themify-icons.css]
[uithemez.com/i/archin/common/assets/css/lib/animate.css]
[uithemez.com/i/archin/common/assets/css/lib/jquery.fancybox.css]
[uithemez.com/i/archin/common/assets/css/lib/lity.css]
[uithemez.com/i/archin/common/assets/css/lib/swiper8.min.css]
[uithemez.com/i/archin/common/assets/css/common_style.css]
[uithemez.com/i/archin/home1/assets/css/home_1_style.css]
[uithemez.com/i/archin/home1/assets/js/home_1_scripts.js]
[uithemez.com/i/archin/home1/assets/img/team/team7.jpg]
